2026-03-07 23:18:15 [main] INFO  com.Ui.tests.LoginTest3 - Started My Login test Excel
2026-03-07 23:18:23 [main] INFO  com.Ui.tests.LoginTest3 - Started My Login test Excel
2026-03-10 15:21:30 [main] INFO  com.Ui.listener.TestListner - Test  Suites Started
2026-03-10 15:21:42 [main] INFO  com.Ui.listener.TestListner - loginExcelTest
2026-03-10 15:21:42 [main] INFO  com.Ui.listener.TestListner - Verifys login test with valid credentials 
2026-03-10 15:21:42 [main] INFO  com.Ui.listener.TestListner - [e2e, sanity]
2026-03-10 15:21:44 [main] WARN  com.Ui.listener.TestListner - loginExcelTestSkipped
2026-03-10 15:21:50 [main] INFO  com.Ui.listener.TestListner - loginExcelTest
2026-03-10 15:21:50 [main] INFO  com.Ui.listener.TestListner - Verifys login test with valid credentials 
2026-03-10 15:21:50 [main] INFO  com.Ui.listener.TestListner - [e2e, sanity]
2026-03-10 20:36:45 [main] INFO  com.Ui.listener.TestListner - Test  Suites Started
2026-03-10 20:36:58 [main] INFO  com.Ui.pages.HomePage - Visisting the Websitehttps://automationexercise.com/
2026-03-10 20:37:03 [main] INFO  com.Ui.listener.TestListner - loginExcelTest
2026-03-10 20:37:03 [main] INFO  com.Ui.listener.TestListner - Verifys login test with valid credentials 
2026-03-10 20:37:03 [main] INFO  com.Ui.listener.TestListner - [e2e, sanity]
2026-03-10 20:37:03 [main] INFO  com.Ui.pages.HomePage - Trying to perform signin
2026-03-10 20:37:07 [main] WARN  com.Ui.listener.TestListner - loginExcelTestSkipped
2026-03-10 20:37:18 [main] INFO  com.Ui.pages.HomePage - Visisting the Websitehttps://automationexercise.com/
2026-03-10 20:37:20 [main] INFO  com.Ui.listener.TestListner - loginExcelTest
2026-03-10 20:37:20 [main] INFO  com.Ui.listener.TestListner - Verifys login test with valid credentials 
2026-03-10 20:37:20 [main] INFO  com.Ui.listener.TestListner - [e2e, sanity]
2026-03-10 20:37:20 [main] INFO  com.Ui.pages.HomePage - Trying to perform signin
2026-03-11 13:56:36 [main] INFO  com.Ui.listener.TestListner - Test  Suites Started
2026-03-11 13:56:41 [main] INFO  com.Ui.pages.HomePage - Visisting the Websitehttps://automationexercise.com/
2026-03-11 13:56:43 [main] INFO  com.Ui.listener.TestListner - loginExcelTest
2026-03-11 13:56:43 [main] INFO  com.Ui.listener.TestListner - Verifys login test with valid credentials 
2026-03-11 13:56:43 [main] INFO  com.Ui.listener.TestListner - [e2e, sanity]
2026-03-11 13:56:43 [main] INFO  com.Ui.pages.HomePage - Trying to perform signin
2026-03-11 13:56:44 [main] WARN  com.Ui.listener.TestListner - loginExcelTestSkipped
2026-03-11 13:56:46 [main] INFO  com.Ui.pages.HomePage - Visisting the Websitehttps://automationexercise.com/
2026-03-11 13:56:48 [main] INFO  com.Ui.listener.TestListner - loginExcelTest
2026-03-11 13:56:48 [main] INFO  com.Ui.listener.TestListner - Verifys login test with valid credentials 
2026-03-11 13:56:48 [main] INFO  com.Ui.listener.TestListner - [e2e, sanity]
2026-03-11 13:56:48 [main] INFO  com.Ui.pages.HomePage - Trying to perform signin
2026-03-11 13:56:49 [main] WARN  com.Ui.listener.TestListner - loginExcelTestSkipped
2026-03-11 13:56:51 [main] INFO  com.Ui.pages.HomePage - Visisting the Websitehttps://automationexercise.com/
2026-03-11 13:56:53 [main] INFO  com.Ui.listener.TestListner - loginExcelTest
2026-03-11 13:56:53 [main] INFO  com.Ui.listener.TestListner - Verifys login test with valid credentials 
2026-03-11 13:56:53 [main] INFO  com.Ui.listener.TestListner - [e2e, sanity]
2026-03-11 13:56:53 [main] INFO  com.Ui.pages.HomePage - Trying to perform signin
2026-03-11 13:56:54 [main] WARN  com.Ui.listener.TestListner - loginExcelTestSkipped
2026-03-11 13:56:56 [main] INFO  com.Ui.pages.HomePage - Visisting the Websitehttps://automationexercise.com/
2026-03-11 13:56:59 [main] INFO  com.Ui.listener.TestListner - loginExcelTest
2026-03-11 13:56:59 [main] INFO  com.Ui.listener.TestListner - Verifys login test with valid credentials 
2026-03-11 13:56:59 [main] INFO  com.Ui.listener.TestListner - [e2e, sanity]
2026-03-11 13:56:59 [main] INFO  com.Ui.pages.HomePage - Trying to perform signin
2026-03-11 13:57:01 [main] ERROR com.Ui.listener.TestListner - loginExcelTestFailed
2026-03-11 13:57:01 [main] ERROR com.Ui.listener.TestListner - no such element: Unable to locate element: {"method":"xpath","selector":"//b[text()='Enter Account Information']"}
  (Session info: chrome=145.0.7632.160)
For documentation on this error, please visit: https://www.selenium.dev/documentation/webdriver/troubleshooting/errors#nosuchelementexception
Build info: version: '4.40.0', revision: 'b3333f1'
System info: os.name: 'Windows 11', os.arch: 'amd64', os.version: '10.0', java.version: '22.0.1'
Driver info: org.openqa.selenium.chrome.ChromeDriver
Command: [250cb68604326f64ccd5f8ee05e098d9, findElement {using=xpath, value=//b[text()='Enter Account Information']}]
Capabilities {acceptInsecureCerts: false, browserName: chrome, browserVersion: 145.0.7632.160, chrome: {chromedriverVersion: 145.0.7632.117 (de4e5d6e13b..., userDataDir: C:\Users\armalve\AppData\Lo...}, fedcm:accounts: true, goog:chromeOptions: {debuggerAddress: localhost:63953}, goog:processID: 18400, networkConnectionEnabled: false, pageLoadStrategy: normal, platformName: windows, proxy: Proxy(), se:cdp: ws://localhost:63953/devtoo..., se:cdpVersion: 145.0.7632.160, setWindowRect: true, strictFileInteractability: false, timeouts: {implicit: 0, pageLoad: 300000, script: 30000}, unhandledPromptBehavior: dismiss and notify, webauthn:extension:credBlob: true, webauthn:extension:largeBlob: true, webauthn:extension:minPinLength: true, webauthn:extension:prf: true, webauthn:virtualAuthenticators: true}
Session ID: 250cb68604326f64ccd5f8ee05e098d9
2026-03-11 13:57:04 [main] INFO  com.Ui.pages.HomePage - Visisting the Websitehttps://automationexercise.com/
2026-03-11 13:57:09 [main] INFO  com.Ui.listener.TestListner - loginExcelTest
2026-03-11 13:57:09 [main] INFO  com.Ui.listener.TestListner - Verifys login test with valid credentials 
2026-03-11 13:57:09 [main] INFO  com.Ui.listener.TestListner - [e2e, sanity]
2026-03-11 13:57:09 [main] INFO  com.Ui.pages.HomePage - Trying to perform signin
2026-03-11 13:57:11 [main] INFO  com.Ui.listener.TestListner - loginExcelTestPassed
2026-03-11 13:57:11 [main] INFO  com.Ui.listener.TestListner - Test  Suites Completed
2026-03-18 16:58:55 [main] INFO  com.Ui.listener.TestListner - Test  Suites Started
2026-03-18 16:59:04 [main] INFO  com.Ui.pages.HomePage - Visisting the Websitehttps://automationexercise.com/
2026-03-18 16:59:07 [main] INFO  com.Ui.listener.TestListner - loginExcelTest
2026-03-18 16:59:07 [main] INFO  com.Ui.listener.TestListner - Verifys login test with valid credentials 
2026-03-18 16:59:07 [main] INFO  com.Ui.listener.TestListner - [e2e, sanity]
2026-03-18 16:59:07 [main] INFO  com.Ui.pages.HomePage - Trying to perform signin
2026-03-18 16:59:09 [main] WARN  com.Ui.listener.TestListner - loginExcelTestSkipped
2026-03-18 16:59:11 [main] INFO  com.Ui.pages.HomePage - Visisting the Websitehttps://automationexercise.com/
2026-03-18 16:59:14 [main] INFO  com.Ui.listener.TestListner - loginExcelTest
2026-03-18 16:59:14 [main] INFO  com.Ui.listener.TestListner - Verifys login test with valid credentials 
2026-03-18 16:59:14 [main] INFO  com.Ui.listener.TestListner - [e2e, sanity]
2026-03-18 16:59:14 [main] INFO  com.Ui.pages.HomePage - Trying to perform signin
2026-03-18 16:59:16 [main] WARN  com.Ui.listener.TestListner - loginExcelTestSkipped
2026-03-18 16:59:20 [main] INFO  com.Ui.pages.HomePage - Visisting the Websitehttps://automationexercise.com/
2026-03-18 16:59:23 [main] INFO  com.Ui.listener.TestListner - loginExcelTest
2026-03-18 16:59:23 [main] INFO  com.Ui.listener.TestListner - Verifys login test with valid credentials 
2026-03-18 16:59:23 [main] INFO  com.Ui.listener.TestListner - [e2e, sanity]
2026-03-18 16:59:23 [main] INFO  com.Ui.pages.HomePage - Trying to perform signin
2026-03-18 16:59:25 [main] WARN  com.Ui.listener.TestListner - loginExcelTestSkipped
2026-03-18 16:59:29 [main] INFO  com.Ui.pages.HomePage - Visisting the Websitehttps://automationexercise.com/
2026-03-18 16:59:34 [main] INFO  com.Ui.listener.TestListner - loginExcelTest
2026-03-18 16:59:34 [main] INFO  com.Ui.listener.TestListner - Verifys login test with valid credentials 
2026-03-18 16:59:34 [main] INFO  com.Ui.listener.TestListner - [e2e, sanity]
2026-03-18 16:59:34 [main] INFO  com.Ui.pages.HomePage - Trying to perform signin
2026-03-18 16:59:37 [main] ERROR com.Ui.listener.TestListner - loginExcelTestFailed
2026-03-18 16:59:37 [main] ERROR com.Ui.listener.TestListner - no such element: Unable to locate element: {"method":"xpath","selector":"//b[text()='Enter Account Information']"}
  (Session info: chrome=146.0.7680.80)
For documentation on this error, please visit: https://www.selenium.dev/documentation/webdriver/troubleshooting/errors#nosuchelementexception
Build info: version: '4.40.0', revision: 'b3333f1'
System info: os.name: 'Windows 11', os.arch: 'amd64', os.version: '10.0', java.version: '22.0.1'
Driver info: org.openqa.selenium.chrome.ChromeDriver
Command: [7225f78fe657f00be7818b18ae081def, findElement {value=//b[text()='Enter Account Information'], using=xpath}]
Capabilities {acceptInsecureCerts: false, browserName: chrome, browserVersion: 146.0.7680.80, chrome: {chromedriverVersion: 146.0.7680.80 (f08938029c88..., userDataDir: C:\Users\armalve\AppData\Lo...}, fedcm:accounts: true, goog:chromeOptions: {debuggerAddress: localhost:52901}, goog:processID: 29332, networkConnectionEnabled: false, pageLoadStrategy: normal, platformName: windows, proxy: Proxy(), se:cdp: ws://localhost:52901/devtoo..., se:cdpVersion: 146.0.7680.80, setWindowRect: true, strictFileInteractability: false, timeouts: {implicit: 0, pageLoad: 300000, script: 30000}, unhandledPromptBehavior: dismiss and notify, webauthn:extension:credBlob: true, webauthn:extension:largeBlob: true, webauthn:extension:minPinLength: true, webauthn:extension:prf: true, webauthn:virtualAuthenticators: true}
Session ID: 7225f78fe657f00be7818b18ae081def
2026-03-18 16:59:43 [main] INFO  com.Ui.pages.HomePage - Visisting the Websitehttps://automationexercise.com/
2026-03-18 16:59:54 [main] INFO  com.Ui.listener.TestListner - loginExcelTest
2026-03-18 16:59:54 [main] INFO  com.Ui.listener.TestListner - Verifys login test with valid credentials 
2026-03-18 16:59:54 [main] INFO  com.Ui.listener.TestListner - [e2e, sanity]
2026-03-18 16:59:54 [main] INFO  com.Ui.pages.HomePage - Trying to perform signin
2026-03-18 16:59:56 [main] INFO  com.Ui.listener.TestListner - loginExcelTestPassed
2026-03-18 16:59:57 [main] INFO  com.Ui.listener.TestListner - Test  Suites Completed
2026-03-19 14:00:31 [main] INFO  com.Ui.listener.TestListner - Test  Suites Started
2026-03-19 14:00:48 [main] INFO  com.Ui.listener.TestListner - Test  Suites Started
2026-03-19 14:01:06 [main] INFO  com.Ui.pages.HomePage - Visisting the Websitehttps://automationexercise.com/
2026-03-19 14:01:10 [main] INFO  com.Ui.listener.TestListner - loginCSVTest
2026-03-19 14:01:10 [main] INFO  com.Ui.listener.TestListner - Verifys login test with valid credentials 
2026-03-19 14:01:10 [main] INFO  com.Ui.listener.TestListner - [e2e, sanity]
2026-03-19 14:01:14 [main] INFO  com.Ui.pages.HomePage - Visisting the Websitehttps://automationexercise.com/
2026-03-19 14:01:18 [main] INFO  com.Ui.pages.HomePage - Trying to perform signin
2026-03-19 14:01:19 [main] ERROR com.Ui.listener.TestListner - loginCSVTestFailed
2026-03-19 14:01:19 [main] ERROR com.Ui.listener.TestListner - Keys to send should be a not null CharSequence
2026-03-19 14:01:27 [main] INFO  com.Ui.pages.HomePage - Visisting the Websitehttps://automationexercise.com/
2026-03-19 14:01:33 [main] INFO  com.Ui.listener.TestListner - loginCSVTest
2026-03-19 14:01:33 [main] INFO  com.Ui.listener.TestListner - Verifys login test with valid credentials 
2026-03-19 14:01:33 [main] INFO  com.Ui.listener.TestListner - [e2e, sanity]
2026-03-19 14:01:39 [main] INFO  com.Ui.pages.HomePage - Visisting the Websitehttps://automationexercise.com/
2026-03-19 14:01:46 [main] INFO  com.Ui.pages.HomePage - Trying to perform signin
2026-03-19 14:01:47 [main] ERROR com.Ui.listener.TestListner - loginCSVTestFailed
2026-03-19 14:01:47 [main] ERROR com.Ui.listener.TestListner - Keys to send should be a not null CharSequence
2026-03-19 14:01:58 [main] INFO  com.Ui.pages.HomePage - Visisting the Websitehttps://automationexercise.com/
2026-03-19 14:02:03 [main] INFO  com.Ui.listener.TestListner - loginExcelTest
2026-03-19 14:02:03 [main] INFO  com.Ui.listener.TestListner - Verifys login test with valid credentials 
2026-03-19 14:02:03 [main] INFO  com.Ui.listener.TestListner - [e2e, sanity]
2026-03-19 14:02:08 [main] INFO  com.Ui.pages.HomePage - Visisting the Websitehttps://automationexercise.com/
2026-03-19 14:02:10 [main] INFO  com.Ui.pages.HomePage - Trying to perform signin
2026-03-19 14:02:17 [main] ERROR com.Ui.listener.TestListner - loginExcelTestFailed
2026-03-19 14:02:17 [main] ERROR com.Ui.listener.TestListner - Keys to send should be a not null CharSequence
2026-03-19 14:02:23 [main] INFO  com.Ui.pages.HomePage - Visisting the Websitehttps://automationexercise.com/
2026-03-19 14:02:25 [main] INFO  com.Ui.listener.TestListner - loginTest
2026-03-19 14:02:25 [main] INFO  com.Ui.listener.TestListner - Verifys login test with valid credentials 
2026-03-19 14:02:25 [main] INFO  com.Ui.listener.TestListner - [e2e, sanity]
2026-03-19 14:02:31 [main] INFO  com.Ui.pages.HomePage - Visisting the Websitehttps://automationexercise.com/
2026-03-19 14:02:35 [main] INFO  com.Ui.pages.HomePage - Trying to perform signin
2026-03-19 14:02:40 [main] ERROR com.Ui.listener.TestListner - loginTestFailed
2026-03-19 14:02:40 [main] ERROR com.Ui.listener.TestListner - no such element: Unable to locate element: {"method":"xpath","selector":"//b[text()='Enter Account Information']"}
  (Session info: chrome=146.0.7680.80)
For documentation on this error, please visit: https://www.selenium.dev/documentation/webdriver/troubleshooting/errors#nosuchelementexception
Build info: version: '4.40.0', revision: 'b3333f1'
System info: os.name: 'Windows 11', os.arch: 'amd64', os.version: '10.0', java.version: '22.0.1'
Driver info: org.openqa.selenium.chrome.ChromeDriver
Command: [26c396fac568ae313b8ccd9d6b7fcf72, findElement {using=xpath, value=//b[text()='Enter Account Information']}]
Capabilities {acceptInsecureCerts: false, browserName: chrome, browserVersion: 146.0.7680.80, chrome: {chromedriverVersion: 146.0.7680.153 (85fd829a1b2..., userDataDir: C:\Users\armalve\AppData\Lo...}, fedcm:accounts: true, goog:chromeOptions: {debuggerAddress: localhost:49353}, goog:processID: 15540, networkConnectionEnabled: false, pageLoadStrategy: normal, platformName: windows, proxy: Proxy(), se:cdp: ws://localhost:49353/devtoo..., se:cdpVersion: 146.0.7680.80, setWindowRect: true, strictFileInteractability: false, timeouts: {implicit: 0, pageLoad: 300000, script: 30000}, unhandledPromptBehavior: dismiss and notify, webauthn:extension:credBlob: true, webauthn:extension:largeBlob: true, webauthn:extension:minPinLength: true, webauthn:extension:prf: true, webauthn:virtualAuthenticators: true}
Session ID: 26c396fac568ae313b8ccd9d6b7fcf72
2026-03-19 14:02:46 [main] INFO  com.Ui.pages.HomePage - Visisting the Websitehttps://automationexercise.com/
2026-03-19 14:02:55 [main] INFO  com.Ui.listener.TestListner - loginTest
2026-03-19 14:02:55 [main] INFO  com.Ui.listener.TestListner - Verifys login test with valid credentials 
2026-03-19 14:02:55 [main] INFO  com.Ui.listener.TestListner - [e2e, sanity]
2026-03-19 14:03:01 [main] INFO  com.Ui.pages.HomePage - Visisting the Websitehttps://automationexercise.com/
2026-03-19 14:03:03 [main] INFO  com.Ui.pages.HomePage - Trying to perform signin
2026-03-19 14:03:18 [main] INFO  com.Ui.listener.TestListner - loginTestPassed
2026-03-19 14:03:18 [main] INFO  com.Ui.listener.TestListner - Test  Suites Completed
2026-03-19 14:30:17 [main] INFO  com.Ui.listener.TestListner - Test  Suites Started
2026-03-19 14:30:32 [TestNG-test-UI Automation Test-4] INFO  com.Ui.pages.HomePage - Visisting the Websitehttps://automationexercise.com/
2026-03-19 14:30:32 [TestNG-test-UI Automation Test-1] INFO  com.Ui.pages.HomePage - Visisting the Websitehttps://automationexercise.com/
2026-03-19 14:30:32 [TestNG-test-UI Automation Test-3] INFO  com.Ui.pages.HomePage - Visisting the Websitehttps://automationexercise.com/
2026-03-19 14:30:32 [TestNG-test-UI Automation Test-2] INFO  com.Ui.pages.HomePage - Visisting the Websitehttps://automationexercise.com/
2026-03-19 14:30:34 [TestNG-test-UI Automation Test-1] INFO  com.Ui.listener.TestListner - loginCSVTest
2026-03-19 14:30:34 [TestNG-test-UI Automation Test-3] INFO  com.Ui.listener.TestListner - loginExcelTest1
2026-03-19 14:30:34 [TestNG-test-UI Automation Test-3] INFO  com.Ui.listener.TestListner - Verifys login test with valid credentials 
2026-03-19 14:30:34 [TestNG-test-UI Automation Test-3] INFO  com.Ui.listener.TestListner - [e2e, sanity]
2026-03-19 14:30:34 [TestNG-test-UI Automation Test-1] INFO  com.Ui.listener.TestListner - Verifys login test with valid credentials 
2026-03-19 14:30:34 [TestNG-test-UI Automation Test-1] INFO  com.Ui.listener.TestListner - [e2e, sanity]
2026-03-19 14:30:34 [TestNG-test-UI Automation Test-3] INFO  com.Ui.pages.HomePage - Trying to perform signin
2026-03-19 14:30:38 [TestNG-test-UI Automation Test-4] INFO  com.Ui.listener.TestListner - loginTest
2026-03-19 14:30:38 [TestNG-test-UI Automation Test-4] INFO  com.Ui.listener.TestListner - Verifys login test with valid credentials 
2026-03-19 14:30:38 [TestNG-test-UI Automation Test-4] INFO  com.Ui.listener.TestListner - [e2e, sanity]
2026-03-19 14:30:42 [TestNG-test-UI Automation Test-2] INFO  com.Ui.listener.TestListner - loginExcelTest
2026-03-19 14:30:42 [TestNG-test-UI Automation Test-2] INFO  com.Ui.listener.TestListner - Verifys login test with valid credentials 
2026-03-19 14:30:42 [TestNG-test-UI Automation Test-2] INFO  com.Ui.listener.TestListner - [e2e, sanity]
2026-03-19 14:30:43 [TestNG-test-UI Automation Test-1] INFO  com.Ui.pages.HomePage - Visisting the Websitehttps://automationexercise.com/
2026-03-19 14:30:44 [TestNG-test-UI Automation Test-1] INFO  com.Ui.pages.HomePage - Trying to perform signin
2026-03-19 14:30:45 [TestNG-test-UI Automation Test-4] INFO  com.Ui.pages.HomePage - Visisting the Websitehttps://automationexercise.com/
2026-03-19 14:30:49 [TestNG-test-UI Automation Test-2] INFO  com.Ui.pages.HomePage - Visisting the Websitehttps://automationexercise.com/
2026-03-19 14:30:51 [TestNG-test-UI Automation Test-4] INFO  com.Ui.pages.HomePage - Trying to perform signin
2026-03-19 14:30:54 [TestNG-test-UI Automation Test-1] ERROR com.Ui.listener.TestListner - loginCSVTestFailed
2026-03-19 14:30:54 [TestNG-test-UI Automation Test-1] ERROR com.Ui.listener.TestListner - Keys to send should be a not null CharSequence
2026-03-19 14:30:59 [TestNG-test-UI Automation Test-3] WARN  com.Ui.listener.TestListner - loginExcelTest1Skipped
2026-03-19 14:30:59 [TestNG-test-UI Automation Test-4] ERROR com.Ui.listener.TestListner - loginTestFailed
2026-03-19 14:30:59 [TestNG-test-UI Automation Test-4] ERROR com.Ui.listener.TestListner - no such element: Unable to locate element: {"method":"xpath","selector":"//b[text()='Enter Account Information']"}
  (Session info: chrome=146.0.7680.80)
For documentation on this error, please visit: https://www.selenium.dev/documentation/webdriver/troubleshooting/errors#nosuchelementexception
Build info: version: '4.40.0', revision: 'b3333f1'
System info: os.name: 'Windows 11', os.arch: 'amd64', os.version: '10.0', java.version: '22.0.1'
Driver info: org.openqa.selenium.chrome.ChromeDriver
Command: [2d66fc3469e80bec0aba44e65fb4c55e, findElement {value=//b[text()='Enter Account Information'], using=xpath}]
Capabilities {acceptInsecureCerts: false, browserName: chrome, browserVersion: 146.0.7680.80, chrome: {chromedriverVersion: 146.0.7680.153 (85fd829a1b2..., userDataDir: C:\Users\armalve\AppData\Lo...}, fedcm:accounts: true, goog:chromeOptions: {debuggerAddress: localhost:52835}, goog:processID: 17648, networkConnectionEnabled: false, pageLoadStrategy: normal, platformName: windows, proxy: Proxy(), se:cdp: ws://localhost:52835/devtoo..., se:cdpVersion: 146.0.7680.80, setWindowRect: true, strictFileInteractability: false, timeouts: {implicit: 0, pageLoad: 300000, script: 30000}, unhandledPromptBehavior: dismiss and notify, webauthn:extension:credBlob: true, webauthn:extension:largeBlob: true, webauthn:extension:minPinLength: true, webauthn:extension:prf: true, webauthn:virtualAuthenticators: true}
Session ID: 2d66fc3469e80bec0aba44e65fb4c55e
2026-03-19 14:31:02 [TestNG-test-UI Automation Test-2] INFO  com.Ui.pages.HomePage - Trying to perform signin
2026-03-19 14:31:05 [TestNG-test-UI Automation Test-1] INFO  com.Ui.pages.HomePage - Visisting the Websitehttps://automationexercise.com/
2026-03-19 14:31:08 [TestNG-test-UI Automation Test-2] ERROR com.Ui.listener.TestListner - loginExcelTestFailed
2026-03-19 14:31:08 [TestNG-test-UI Automation Test-2] ERROR com.Ui.listener.TestListner - Keys to send should be a not null CharSequence
2026-03-19 14:31:12 [TestNG-test-UI Automation Test-3] INFO  com.Ui.pages.HomePage - Visisting the Websitehttps://automationexercise.com/
2026-03-19 14:31:12 [TestNG-test-UI Automation Test-4] INFO  com.Ui.pages.HomePage - Visisting the Websitehttps://automationexercise.com/
2026-03-19 14:31:14 [TestNG-test-UI Automation Test-4] INFO  com.Ui.listener.TestListner - loginTest
2026-03-19 14:31:14 [TestNG-test-UI Automation Test-4] INFO  com.Ui.listener.TestListner - Verifys login test with valid credentials 
2026-03-19 14:31:14 [TestNG-test-UI Automation Test-4] INFO  com.Ui.listener.TestListner - [e2e, sanity]
2026-03-19 14:31:14 [TestNG-test-UI Automation Test-3] INFO  com.Ui.listener.TestListner - loginExcelTest1
2026-03-19 14:31:14 [TestNG-test-UI Automation Test-3] INFO  com.Ui.listener.TestListner - Verifys login test with valid credentials 
2026-03-19 14:31:14 [TestNG-test-UI Automation Test-3] INFO  com.Ui.listener.TestListner - [e2e, sanity]
2026-03-19 14:31:14 [TestNG-test-UI Automation Test-3] INFO  com.Ui.pages.HomePage - Trying to perform signin
2026-03-19 14:31:17 [TestNG-test-UI Automation Test-1] INFO  com.Ui.listener.TestListner - loginCSVTest
2026-03-19 14:31:17 [TestNG-test-UI Automation Test-1] INFO  com.Ui.listener.TestListner - Verifys login test with valid credentials 
2026-03-19 14:31:17 [TestNG-test-UI Automation Test-1] INFO  com.Ui.listener.TestListner - [e2e, sanity]
2026-03-19 14:31:22 [TestNG-test-UI Automation Test-4] INFO  com.Ui.pages.HomePage - Visisting the Websitehttps://automationexercise.com/
2026-03-19 14:31:25 [TestNG-test-UI Automation Test-4] INFO  com.Ui.pages.HomePage - Trying to perform signin
2026-03-19 14:31:27 [TestNG-test-UI Automation Test-1] INFO  com.Ui.pages.HomePage - Visisting the Websitehttps://automationexercise.com/
2026-03-19 14:31:30 [TestNG-test-UI Automation Test-3] WARN  com.Ui.listener.TestListner - loginExcelTest1Skipped
2026-03-19 14:31:40 [TestNG-test-UI Automation Test-3] INFO  com.Ui.pages.HomePage - Visisting the Websitehttps://automationexercise.com/
2026-03-19 14:31:40 [TestNG-test-UI Automation Test-4] INFO  com.Ui.listener.TestListner - loginTestPassed
2026-03-19 14:31:40 [TestNG-test-UI Automation Test-1] INFO  com.Ui.pages.HomePage - Trying to perform signin
2026-03-19 14:31:45 [TestNG-test-UI Automation Test-1] ERROR com.Ui.listener.TestListner - loginCSVTestFailed
2026-03-19 14:31:45 [TestNG-test-UI Automation Test-1] ERROR com.Ui.listener.TestListner - Keys to send should be a not null CharSequence
2026-03-19 14:31:55 [TestNG-test-UI Automation Test-3] INFO  com.Ui.listener.TestListner - loginExcelTest1
2026-03-19 14:31:55 [TestNG-test-UI Automation Test-3] INFO  com.Ui.listener.TestListner - Verifys login test with valid credentials 
2026-03-19 14:31:55 [TestNG-test-UI Automation Test-3] INFO  com.Ui.listener.TestListner - [e2e, sanity]
2026-03-19 14:31:55 [TestNG-test-UI Automation Test-3] INFO  com.Ui.pages.HomePage - Trying to perform signin
2026-03-19 14:32:00 [TestNG-test-UI Automation Test-3] WARN  com.Ui.listener.TestListner - loginExcelTest1Skipped
2026-03-19 14:32:07 [TestNG-test-UI Automation Test-3] INFO  com.Ui.pages.HomePage - Visisting the Websitehttps://automationexercise.com/
2026-03-19 14:32:09 [TestNG-test-UI Automation Test-3] INFO  com.Ui.listener.TestListner - loginExcelTest1
2026-03-19 14:32:09 [TestNG-test-UI Automation Test-3] INFO  com.Ui.listener.TestListner - Verifys login test with valid credentials 
2026-03-19 14:32:09 [TestNG-test-UI Automation Test-3] INFO  com.Ui.listener.TestListner - [e2e, sanity]
2026-03-19 14:32:09 [TestNG-test-UI Automation Test-3] INFO  com.Ui.pages.HomePage - Trying to perform signin
2026-03-19 14:32:22 [TestNG-test-UI Automation Test-3] ERROR com.Ui.listener.TestListner - loginExcelTest1Failed
2026-03-19 14:32:22 [TestNG-test-UI Automation Test-3] ERROR com.Ui.listener.TestListner - no such element: Unable to locate element: {"method":"xpath","selector":"//b[text()='Enter Account Information']"}
  (Session info: chrome=146.0.7680.80)
For documentation on this error, please visit: https://www.selenium.dev/documentation/webdriver/troubleshooting/errors#nosuchelementexception
Build info: version: '4.40.0', revision: 'b3333f1'
System info: os.name: 'Windows 11', os.arch: 'amd64', os.version: '10.0', java.version: '22.0.1'
Driver info: org.openqa.selenium.chrome.ChromeDriver
Command: [66c2f90da8b5aa60e38fdb34308e1561, findElement {value=//b[text()='Enter Account Information'], using=xpath}]
Capabilities {acceptInsecureCerts: false, browserName: chrome, browserVersion: 146.0.7680.80, chrome: {chromedriverVersion: 146.0.7680.153 (85fd829a1b2..., userDataDir: C:\Users\armalve\AppData\Lo...}, fedcm:accounts: true, goog:chromeOptions: {debuggerAddress: localhost:53604}, goog:processID: 36164, networkConnectionEnabled: false, pageLoadStrategy: normal, platformName: windows, proxy: Proxy(), se:cdp: ws://localhost:53604/devtoo..., se:cdpVersion: 146.0.7680.80, setWindowRect: true, strictFileInteractability: false, timeouts: {implicit: 0, pageLoad: 300000, script: 30000}, unhandledPromptBehavior: dismiss and notify, webauthn:extension:credBlob: true, webauthn:extension:largeBlob: true, webauthn:extension:minPinLength: true, webauthn:extension:prf: true, webauthn:virtualAuthenticators: true}
Session ID: 66c2f90da8b5aa60e38fdb34308e1561
2026-03-19 14:32:29 [TestNG-test-UI Automation Test-3] INFO  com.Ui.pages.HomePage - Visisting the Websitehttps://automationexercise.com/
2026-03-19 14:32:30 [TestNG-test-UI Automation Test-3] INFO  com.Ui.listener.TestListner - loginExcelTest1
2026-03-19 14:32:30 [TestNG-test-UI Automation Test-3] INFO  com.Ui.listener.TestListner - Verifys login test with valid credentials 
2026-03-19 14:32:30 [TestNG-test-UI Automation Test-3] INFO  com.Ui.listener.TestListner - [e2e, sanity]
2026-03-19 14:32:30 [TestNG-test-UI Automation Test-3] INFO  com.Ui.pages.HomePage - Trying to perform signin
2026-03-19 14:32:51 [TestNG-test-UI Automation Test-3] INFO  com.Ui.listener.TestListner - loginExcelTest1Passed
2026-03-19 14:32:51 [main] INFO  com.Ui.listener.TestListner - Test  Suites Completed
2026-03-19 14:47:33 [main] INFO  com.Ui.listener.TestListner - Test  Suites Started
2026-03-19 14:47:39 [TestNG-test-UI Automation Test-1] INFO  com.Ui.pages.HomePage - Visisting the Websitehttps://automationexercise.com/
2026-03-19 14:47:39 [TestNG-test-UI Automation Test-4] INFO  com.Ui.pages.HomePage - Visisting the Websitehttps://automationexercise.com/
2026-03-19 14:47:39 [TestNG-test-UI Automation Test-3] INFO  com.Ui.pages.HomePage - Visisting the Websitehttps://automationexercise.com/
2026-03-19 14:47:40 [TestNG-test-UI Automation Test-2] INFO  com.Ui.pages.HomePage - Visisting the Websitehttps://automationexercise.com/
2026-03-19 14:47:42 [TestNG-test-UI Automation Test-1] INFO  com.Ui.listener.TestListner - loginCSVTest
2026-03-19 14:47:42 [TestNG-test-UI Automation Test-1] INFO  com.Ui.listener.TestListner - Verifys login test with valid credentials 
2026-03-19 14:47:42 [TestNG-test-UI Automation Test-1] INFO  com.Ui.listener.TestListner - [e2e, sanity]
2026-03-19 14:47:44 [TestNG-test-UI Automation Test-4] INFO  com.Ui.listener.TestListner - loginTest
2026-03-19 14:47:44 [TestNG-test-UI Automation Test-4] INFO  com.Ui.listener.TestListner - Verifys login test with valid credentials 
2026-03-19 14:47:44 [TestNG-test-UI Automation Test-4] INFO  com.Ui.listener.TestListner - [e2e, sanity]
2026-03-19 14:47:45 [TestNG-test-UI Automation Test-3] INFO  com.Ui.listener.TestListner - loginExcelTest1
2026-03-19 14:47:45 [TestNG-test-UI Automation Test-3] INFO  com.Ui.listener.TestListner - Verifys login test with valid credentials 
2026-03-19 14:47:45 [TestNG-test-UI Automation Test-3] INFO  com.Ui.listener.TestListner - [e2e, sanity]
2026-03-19 14:47:45 [TestNG-test-UI Automation Test-3] INFO  com.Ui.pages.HomePage - Trying to perform signin
2026-03-19 14:47:45 [TestNG-test-UI Automation Test-1] INFO  com.Ui.pages.HomePage - Visisting the Websitehttps://automationexercise.com/
2026-03-19 14:47:45 [TestNG-test-UI Automation Test-2] INFO  com.Ui.listener.TestListner - loginExcelTest
2026-03-19 14:47:45 [TestNG-test-UI Automation Test-2] INFO  com.Ui.listener.TestListner - Verifys login test with valid credentials 
2026-03-19 14:47:45 [TestNG-test-UI Automation Test-2] INFO  com.Ui.listener.TestListner - [e2e, sanity]
2026-03-19 14:47:46 [TestNG-test-UI Automation Test-1] INFO  com.Ui.pages.HomePage - Trying to perform signin
2026-03-19 14:52:23 [main] INFO  com.Ui.listener.TestListner - Test  Suites Started
2026-03-19 14:52:29 [TestNG-test-UI Automation Test-3] INFO  com.Ui.pages.HomePage - Visisting the Websitehttps://automationexercise.com/
2026-03-19 14:52:29 [TestNG-test-UI Automation Test-1] INFO  com.Ui.pages.HomePage - Visisting the Websitehttps://automationexercise.com/
2026-03-19 14:52:29 [TestNG-test-UI Automation Test-2] INFO  com.Ui.pages.HomePage - Visisting the Websitehttps://automationexercise.com/
2026-03-19 14:52:29 [TestNG-test-UI Automation Test-4] INFO  com.Ui.pages.HomePage - Visisting the Websitehttps://automationexercise.com/
2026-03-19 14:52:33 [TestNG-test-UI Automation Test-2] INFO  com.Ui.listener.TestListner - loginExcelTest
2026-03-19 14:52:33 [TestNG-test-UI Automation Test-2] INFO  com.Ui.listener.TestListner - Verifys login test with valid credentials 
2026-03-19 14:52:33 [TestNG-test-UI Automation Test-2] INFO  com.Ui.listener.TestListner - [e2e, sanity]
2026-03-19 14:52:34 [TestNG-test-UI Automation Test-4] INFO  com.Ui.listener.TestListner - loginTest
2026-03-19 14:52:34 [TestNG-test-UI Automation Test-4] INFO  com.Ui.listener.TestListner - Verifys login test with valid credentials 
2026-03-19 14:52:34 [TestNG-test-UI Automation Test-4] INFO  com.Ui.listener.TestListner - [e2e, sanity]
2026-03-19 14:52:34 [TestNG-test-UI Automation Test-3] INFO  com.Ui.listener.TestListner - loginExcelTest1
2026-03-19 14:52:34 [TestNG-test-UI Automation Test-3] INFO  com.Ui.listener.TestListner - Verifys login test with valid credentials 
2026-03-19 14:52:34 [TestNG-test-UI Automation Test-3] INFO  com.Ui.listener.TestListner - [e2e, sanity]
2026-03-19 14:52:34 [TestNG-test-UI Automation Test-3] INFO  com.Ui.pages.HomePage - Trying to perform signin
2026-03-19 14:52:34 [TestNG-test-UI Automation Test-1] INFO  com.Ui.listener.TestListner - loginCSVTest
2026-03-19 14:52:34 [TestNG-test-UI Automation Test-1] INFO  com.Ui.listener.TestListner - Verifys login test with valid credentials 
2026-03-19 14:52:34 [TestNG-test-UI Automation Test-1] INFO  com.Ui.listener.TestListner - [e2e, sanity]
2026-03-19 14:52:38 [TestNG-test-UI Automation Test-2] INFO  com.Ui.pages.HomePage - Visisting the Websitehttps://automationexercise.com/
2026-03-19 14:52:39 [TestNG-test-UI Automation Test-3] WARN  com.Ui.listener.TestListner - loginExcelTest1Skipped
2026-03-19 14:52:40 [TestNG-test-UI Automation Test-1] INFO  com.Ui.pages.HomePage - Visisting the Websitehttps://automationexercise.com/
2026-03-19 14:52:40 [TestNG-test-UI Automation Test-4] INFO  com.Ui.pages.HomePage - Visisting the Websitehttps://automationexercise.com/
2026-03-19 14:52:40 [TestNG-test-UI Automation Test-2] INFO  com.Ui.pages.HomePage - Trying to perform signin
2026-03-19 14:52:41 [TestNG-test-UI Automation Test-4] INFO  com.Ui.pages.HomePage - Trying to perform signin
2026-03-19 14:52:44 [TestNG-test-UI Automation Test-3] INFO  com.Ui.pages.HomePage - Visisting the Websitehttps://automationexercise.com/
2026-03-19 14:52:45 [TestNG-test-UI Automation Test-2] ERROR com.Ui.listener.TestListner - loginExcelTestFailed
2026-03-19 14:52:45 [TestNG-test-UI Automation Test-2] ERROR com.Ui.listener.TestListner - Keys to send should be a not null CharSequence
2026-03-19 14:52:47 [TestNG-test-UI Automation Test-3] INFO  com.Ui.listener.TestListner - loginExcelTest1
2026-03-19 14:52:47 [TestNG-test-UI Automation Test-3] INFO  com.Ui.listener.TestListner - Verifys login test with valid credentials 
2026-03-19 14:52:47 [TestNG-test-UI Automation Test-3] INFO  com.Ui.listener.TestListner - [e2e, sanity]
2026-03-19 14:52:47 [TestNG-test-UI Automation Test-3] INFO  com.Ui.pages.HomePage - Trying to perform signin
2026-03-19 14:52:47 [TestNG-test-UI Automation Test-4] ERROR com.Ui.listener.TestListner - loginTestFailed
2026-03-19 14:52:47 [TestNG-test-UI Automation Test-4] ERROR com.Ui.listener.TestListner - no such element: Unable to locate element: {"method":"xpath","selector":"//b[text()='Enter Account Information']"}
  (Session info: chrome=146.0.7680.80)
For documentation on this error, please visit: https://www.selenium.dev/documentation/webdriver/troubleshooting/errors#nosuchelementexception
Build info: version: '4.40.0', revision: 'b3333f1'
System info: os.name: 'Windows 11', os.arch: 'amd64', os.version: '10.0', java.version: '22.0.1'
Driver info: org.openqa.selenium.chrome.ChromeDriver
Command: [71702ff44163348ad0a82bb8db389fff, findElement {value=//b[text()='Enter Account Information'], using=xpath}]
Capabilities {acceptInsecureCerts: false, browserName: chrome, browserVersion: 146.0.7680.80, chrome: {chromedriverVersion: 146.0.7680.153 (85fd829a1b2..., userDataDir: C:\Users\armalve\AppData\Lo...}, fedcm:accounts: true, goog:chromeOptions: {debuggerAddress: localhost:62161}, goog:processID: 41492, networkConnectionEnabled: false, pageLoadStrategy: normal, platformName: windows, proxy: Proxy(), se:cdp: ws://localhost:62161/devtoo..., se:cdpVersion: 146.0.7680.80, setWindowRect: true, strictFileInteractability: false, timeouts: {implicit: 0, pageLoad: 300000, script: 30000}, unhandledPromptBehavior: dismiss and notify, webauthn:extension:credBlob: true, webauthn:extension:largeBlob: true, webauthn:extension:minPinLength: true, webauthn:extension:prf: true, webauthn:virtualAuthenticators: true}
Session ID: 71702ff44163348ad0a82bb8db389fff
2026-03-19 14:52:50 [TestNG-test-UI Automation Test-1] INFO  com.Ui.pages.HomePage - Trying to perform signin
2026-03-19 14:52:52 [TestNG-test-UI Automation Test-4] INFO  com.Ui.pages.HomePage - Visisting the Websitehttps://automationexercise.com/
2026-03-19 14:52:53 [TestNG-test-UI Automation Test-1] ERROR com.Ui.listener.TestListner - loginCSVTestFailed
2026-03-19 14:52:53 [TestNG-test-UI Automation Test-1] ERROR com.Ui.listener.TestListner - Keys to send should be a not null CharSequence
2026-03-19 14:52:55 [TestNG-test-UI Automation Test-3] WARN  com.Ui.listener.TestListner - loginExcelTest1Skipped
2026-03-19 14:53:00 [TestNG-test-UI Automation Test-1] INFO  com.Ui.pages.HomePage - Visisting the Websitehttps://automationexercise.com/
2026-03-19 14:53:02 [TestNG-test-UI Automation Test-4] INFO  com.Ui.listener.TestListner - loginTest
2026-03-19 14:53:02 [TestNG-test-UI Automation Test-4] INFO  com.Ui.listener.TestListner - Verifys login test with valid credentials 
2026-03-19 14:53:02 [TestNG-test-UI Automation Test-4] INFO  com.Ui.listener.TestListner - [e2e, sanity]
2026-03-19 14:53:04 [TestNG-test-UI Automation Test-3] INFO  com.Ui.pages.HomePage - Visisting the Websitehttps://automationexercise.com/
2026-03-19 14:53:06 [TestNG-test-UI Automation Test-1] INFO  com.Ui.listener.TestListner - loginCSVTest
2026-03-19 14:53:06 [TestNG-test-UI Automation Test-1] INFO  com.Ui.listener.TestListner - Verifys login test with valid credentials 
2026-03-19 14:53:06 [TestNG-test-UI Automation Test-1] INFO  com.Ui.listener.TestListner - [e2e, sanity]
2026-03-19 14:53:12 [TestNG-test-UI Automation Test-4] INFO  com.Ui.pages.HomePage - Visisting the Websitehttps://automationexercise.com/
2026-03-19 14:53:13 [TestNG-test-UI Automation Test-4] INFO  com.Ui.pages.HomePage - Trying to perform signin
2026-03-19 14:53:15 [TestNG-test-UI Automation Test-1] INFO  com.Ui.pages.HomePage - Visisting the Websitehttps://automationexercise.com/
2026-03-19 14:53:15 [TestNG-test-UI Automation Test-3] INFO  com.Ui.listener.TestListner - loginExcelTest1
2026-03-19 14:53:15 [TestNG-test-UI Automation Test-3] INFO  com.Ui.listener.TestListner - Verifys login test with valid credentials 
2026-03-19 14:53:15 [TestNG-test-UI Automation Test-3] INFO  com.Ui.listener.TestListner - [e2e, sanity]
2026-03-19 14:53:15 [TestNG-test-UI Automation Test-3] INFO  com.Ui.pages.HomePage - Trying to perform signin
2026-03-19 14:53:17 [TestNG-test-UI Automation Test-1] INFO  com.Ui.pages.HomePage - Trying to perform signin
2026-03-19 14:53:20 [TestNG-test-UI Automation Test-3] WARN  com.Ui.listener.TestListner - loginExcelTest1Skipped
2026-03-19 14:53:27 [TestNG-test-UI Automation Test-1] ERROR com.Ui.listener.TestListner - loginCSVTestFailed
2026-03-19 14:53:27 [TestNG-test-UI Automation Test-1] ERROR com.Ui.listener.TestListner - Keys to send should be a not null CharSequence
2026-03-19 14:53:27 [TestNG-test-UI Automation Test-3] INFO  com.Ui.pages.HomePage - Visisting the Websitehttps://automationexercise.com/
2026-03-19 14:53:27 [TestNG-test-UI Automation Test-4] INFO  com.Ui.listener.TestListner - loginTestPassed
2026-03-19 14:53:29 [TestNG-test-UI Automation Test-3] INFO  com.Ui.listener.TestListner - loginExcelTest1
2026-03-19 14:53:29 [TestNG-test-UI Automation Test-3] INFO  com.Ui.listener.TestListner - Verifys login test with valid credentials 
2026-03-19 14:53:29 [TestNG-test-UI Automation Test-3] INFO  com.Ui.listener.TestListner - [e2e, sanity]
2026-03-19 14:53:29 [TestNG-test-UI Automation Test-3] INFO  com.Ui.pages.HomePage - Trying to perform signin
2026-03-19 14:53:52 [TestNG-test-UI Automation Test-3] ERROR com.Ui.listener.TestListner - loginExcelTest1Failed
2026-03-19 14:53:52 [TestNG-test-UI Automation Test-3] ERROR com.Ui.listener.TestListner - no such element: Unable to locate element: {"method":"xpath","selector":"//b[text()='Enter Account Information']"}
  (Session info: chrome=146.0.7680.80)
For documentation on this error, please visit: https://www.selenium.dev/documentation/webdriver/troubleshooting/errors#nosuchelementexception
Build info: version: '4.40.0', revision: 'b3333f1'
System info: os.name: 'Windows 11', os.arch: 'amd64', os.version: '10.0', java.version: '22.0.1'
Driver info: org.openqa.selenium.chrome.ChromeDriver
Command: [5f108a230ec4145b35aa8bd446ee8075, findElement {value=//b[text()='Enter Account Information'], using=xpath}]
Capabilities {acceptInsecureCerts: false, browserName: chrome, browserVersion: 146.0.7680.80, chrome: {chromedriverVersion: 146.0.7680.153 (85fd829a1b2..., userDataDir: C:\Users\armalve\AppData\Lo...}, fedcm:accounts: true, goog:chromeOptions: {debuggerAddress: localhost:49687}, goog:processID: 41704, networkConnectionEnabled: false, pageLoadStrategy: normal, platformName: windows, proxy: Proxy(), se:cdp: ws://localhost:49687/devtoo..., se:cdpVersion: 146.0.7680.80, setWindowRect: true, strictFileInteractability: false, timeouts: {implicit: 0, pageLoad: 300000, script: 30000}, unhandledPromptBehavior: dismiss and notify, webauthn:extension:credBlob: true, webauthn:extension:largeBlob: true, webauthn:extension:minPinLength: true, webauthn:extension:prf: true, webauthn:virtualAuthenticators: true}
Session ID: 5f108a230ec4145b35aa8bd446ee8075
2026-03-19 14:53:55 [TestNG-test-UI Automation Test-3] INFO  com.Ui.pages.HomePage - Visisting the Websitehttps://automationexercise.com/
2026-03-19 14:54:09 [TestNG-test-UI Automation Test-3] INFO  com.Ui.listener.TestListner - loginExcelTest1
2026-03-19 14:54:09 [TestNG-test-UI Automation Test-3] INFO  com.Ui.listener.TestListner - Verifys login test with valid credentials 
2026-03-19 14:54:09 [TestNG-test-UI Automation Test-3] INFO  com.Ui.listener.TestListner - [e2e, sanity]
2026-03-19 14:54:09 [TestNG-test-UI Automation Test-3] INFO  com.Ui.pages.HomePage - Trying to perform signin
2026-03-19 14:54:12 [TestNG-test-UI Automation Test-3] INFO  com.Ui.listener.TestListner - loginExcelTest1Passed
2026-03-19 14:54:13 [main] INFO  com.Ui.listener.TestListner - Test  Suites Completed
2026-03-20 17:35:50 [main] INFO  com.Ui.listener.TestListner - Test  Suites Started
2026-03-20 17:35:51 [TestNG-test-UI Automation Test-1] INFO  com.Ui.listener.TestListner - loginCSVTest
2026-03-20 17:35:51 [TestNG-test-UI Automation Test-1] INFO  com.Ui.listener.TestListner - Verifys login test with valid credentials 
2026-03-20 17:35:51 [TestNG-test-UI Automation Test-1] INFO  com.Ui.listener.TestListner - [e2e, sanity]
2026-03-20 17:35:51 [TestNG-test-UI Automation Test-1] WARN  com.Ui.listener.TestListner - loginCSVTestSkipped
2026-03-20 17:35:51 [TestNG-test-UI Automation Test-3] INFO  com.Ui.listener.TestListner - loginExcelTest1
2026-03-20 17:35:51 [TestNG-test-UI Automation Test-3] INFO  com.Ui.listener.TestListner - Verifys login test with valid credentials 
2026-03-20 17:35:51 [TestNG-test-UI Automation Test-3] INFO  com.Ui.listener.TestListner - [e2e, sanity]
2026-03-20 17:35:51 [TestNG-test-UI Automation Test-3] WARN  com.Ui.listener.TestListner - loginExcelTest1Skipped
2026-03-20 17:35:51 [TestNG-test-UI Automation Test-4] INFO  com.Ui.listener.TestListner - loginTest
2026-03-20 17:35:51 [TestNG-test-UI Automation Test-4] INFO  com.Ui.listener.TestListner - Verifys login test with valid credentials 
2026-03-20 17:35:51 [TestNG-test-UI Automation Test-4] INFO  com.Ui.listener.TestListner - [e2e, sanity]
2026-03-20 17:35:51 [TestNG-test-UI Automation Test-4] WARN  com.Ui.listener.TestListner - loginTestSkipped
2026-03-20 17:35:51 [TestNG-test-UI Automation Test-1] INFO  com.Ui.listener.TestListner - loginCSVTest
2026-03-20 17:35:51 [TestNG-test-UI Automation Test-1] INFO  com.Ui.listener.TestListner - Verifys login test with valid credentials 
2026-03-20 17:35:51 [TestNG-test-UI Automation Test-1] INFO  com.Ui.listener.TestListner - [e2e, sanity]
2026-03-20 17:35:51 [TestNG-test-UI Automation Test-3] INFO  com.Ui.listener.TestListner - loginExcelTest1
2026-03-20 17:35:51 [TestNG-test-UI Automation Test-3] INFO  com.Ui.listener.TestListner - Verifys login test with valid credentials 
2026-03-20 17:35:51 [TestNG-test-UI Automation Test-3] INFO  com.Ui.listener.TestListner - [e2e, sanity]
2026-03-20 17:35:51 [TestNG-test-UI Automation Test-4] INFO  com.Ui.listener.TestListner - loginTest
2026-03-20 17:35:51 [TestNG-test-UI Automation Test-4] INFO  com.Ui.listener.TestListner - Verifys login test with valid credentials 
2026-03-20 17:35:51 [TestNG-test-UI Automation Test-4] INFO  com.Ui.listener.TestListner - [e2e, sanity]
2026-03-20 17:35:51 [TestNG-test-UI Automation Test-3] WARN  com.Ui.listener.TestListner - loginExcelTest1Skipped
2026-03-20 17:35:51 [TestNG-test-UI Automation Test-4] WARN  com.Ui.listener.TestListner - loginTestSkipped
2026-03-20 17:35:51 [TestNG-test-UI Automation Test-1] WARN  com.Ui.listener.TestListner - loginCSVTestSkipped
2026-03-20 17:35:54 [TestNG-test-UI Automation Test-2] INFO  com.Ui.listener.TestListner - loginExcelTest
2026-03-20 17:35:54 [TestNG-test-UI Automation Test-2] INFO  com.Ui.listener.TestListner - Verifys login test with valid credentials 
2026-03-20 17:35:54 [TestNG-test-UI Automation Test-2] INFO  com.Ui.listener.TestListner - [e2e, sanity]
2026-03-20 17:35:54 [TestNG-test-UI Automation Test-2] WARN  com.Ui.listener.TestListner - loginExcelTestSkipped
2026-03-20 17:35:54 [main] INFO  com.Ui.listener.TestListner - Test  Suites Completed
2026-03-20 17:53:40 [main] INFO  com.Ui.listener.TestListner - Test  Suites Started
2026-03-20 17:53:55 [TestNG-test-UI Automation Test-2] INFO  com.Ui.pages.HomePage - Visisting the Websitehttps://automationexercise.com/
2026-03-20 17:53:55 [TestNG-test-UI Automation Test-3] INFO  com.Ui.pages.HomePage - Visisting the Websitehttps://automationexercise.com/
2026-03-20 17:53:55 [TestNG-test-UI Automation Test-1] INFO  com.Ui.pages.HomePage - Visisting the Websitehttps://automationexercise.com/
2026-03-20 17:53:56 [TestNG-test-UI Automation Test-4] INFO  com.Ui.pages.HomePage - Visisting the Websitehttps://automationexercise.com/
2026-03-20 17:53:57 [TestNG-test-UI Automation Test-3] INFO  com.Ui.listener.TestListner - loginExcelTest1
2026-03-20 17:53:57 [TestNG-test-UI Automation Test-3] INFO  com.Ui.listener.TestListner - Verifys login test with valid credentials 
2026-03-20 17:53:57 [TestNG-test-UI Automation Test-3] INFO  com.Ui.listener.TestListner - [e2e, sanity]
2026-03-20 17:53:57 [TestNG-test-UI Automation Test-1] INFO  com.Ui.listener.TestListner - loginCSVTest
2026-03-20 17:53:57 [TestNG-test-UI Automation Test-1] INFO  com.Ui.listener.TestListner - Verifys login test with valid credentials 
2026-03-20 17:53:57 [TestNG-test-UI Automation Test-1] INFO  com.Ui.listener.TestListner - [e2e, sanity]
2026-03-20 17:53:57 [TestNG-test-UI Automation Test-3] INFO  com.Ui.pages.HomePage - Trying to perform signin
2026-03-20 17:53:58 [TestNG-test-UI Automation Test-4] INFO  com.Ui.listener.TestListner - loginTest
2026-03-20 17:53:58 [TestNG-test-UI Automation Test-4] INFO  com.Ui.listener.TestListner - Verifys login test with valid credentials 
2026-03-20 17:53:58 [TestNG-test-UI Automation Test-4] INFO  com.Ui.listener.TestListner - [e2e, sanity]
2026-03-20 17:54:00 [TestNG-test-UI Automation Test-2] INFO  com.Ui.listener.TestListner - loginExcelTest
2026-03-20 17:54:00 [TestNG-test-UI Automation Test-2] INFO  com.Ui.listener.TestListner - Verifys login test with valid credentials 
2026-03-20 17:54:00 [TestNG-test-UI Automation Test-2] INFO  com.Ui.listener.TestListner - [e2e, sanity]
2026-03-20 17:54:05 [TestNG-test-UI Automation Test-1] INFO  com.Ui.pages.HomePage - Visisting the Websitehttps://automationexercise.com/
2026-03-20 17:54:06 [TestNG-test-UI Automation Test-4] INFO  com.Ui.pages.HomePage - Visisting the Websitehttps://automationexercise.com/
2026-03-20 17:54:09 [TestNG-test-UI Automation Test-1] INFO  com.Ui.pages.HomePage - Trying to perform signin
2026-03-20 17:54:09 [TestNG-test-UI Automation Test-4] INFO  com.Ui.pages.HomePage - Trying to perform signin
2026-03-20 17:54:12 [TestNG-test-UI Automation Test-1] ERROR com.Ui.listener.TestListner - loginCSVTestFailed
2026-03-20 17:54:12 [TestNG-test-UI Automation Test-1] ERROR com.Ui.listener.TestListner - Keys to send should be a not null CharSequence
2026-03-20 17:54:12 [TestNG-test-UI Automation Test-1] INFO  com.Ui.listener.TestListner - Capturing Screenshots for failed tests
2026-03-20 17:54:12 [TestNG-test-UI Automation Test-2] INFO  com.Ui.pages.HomePage - Visisting the Websitehttps://automationexercise.com/
2026-03-20 17:54:13 [TestNG-test-UI Automation Test-1] ERROR com.Ui.listener.TestListner - loginCSVTestFailed
2026-03-20 17:54:13 [TestNG-test-UI Automation Test-1] ERROR com.Ui.listener.TestListner - null
2026-03-20 17:54:13 [TestNG-test-UI Automation Test-1] INFO  com.Ui.listener.TestListner - Capturing Screenshots for failed tests
2026-03-20 17:54:13 [TestNG-test-UI Automation Test-4] ERROR com.Ui.listener.TestListner - loginTestFailed
2026-03-20 17:54:13 [TestNG-test-UI Automation Test-4] ERROR com.Ui.listener.TestListner - no such element: Unable to locate element: {"method":"xpath","selector":"//b[text()='Enter Account Information']"}
  (Session info: chrome=146.0.7680.80)
For documentation on this error, please visit: https://www.selenium.dev/documentation/webdriver/troubleshooting/errors#nosuchelementexception
Build info: version: '4.40.0', revision: 'b3333f1'
System info: os.name: 'Windows 11', os.arch: 'amd64', os.version: '10.0', java.version: '22.0.1'
Driver info: org.openqa.selenium.chrome.ChromeDriver
Command: [364009b490a072f752057ed30fe52808, findElement {value=//b[text()='Enter Account Information'], using=xpath}]
Capabilities {acceptInsecureCerts: false, browserName: chrome, browserVersion: 146.0.7680.80, chrome: {chromedriverVersion: 146.0.7680.153 (85fd829a1b2..., userDataDir: C:\Users\armalve\AppData\Lo...}, fedcm:accounts: true, goog:chromeOptions: {debuggerAddress: localhost:64773}, goog:processID: 29736, networkConnectionEnabled: false, pageLoadStrategy: normal, platformName: windows, proxy: Proxy(), se:cdp: ws://localhost:64773/devtoo..., se:cdpVersion: 146.0.7680.80, setWindowRect: true, strictFileInteractability: false, timeouts: {implicit: 0, pageLoad: 300000, script: 30000}, unhandledPromptBehavior: dismiss and notify, webauthn:extension:credBlob: true, webauthn:extension:largeBlob: true, webauthn:extension:minPinLength: true, webauthn:extension:prf: true, webauthn:virtualAuthenticators: true}
Session ID: 364009b490a072f752057ed30fe52808
2026-03-20 17:54:13 [TestNG-test-UI Automation Test-4] INFO  com.Ui.listener.TestListner - Capturing Screenshots for failed tests
2026-03-20 17:54:13 [TestNG-test-UI Automation Test-4] ERROR com.Ui.listener.TestListner - loginTestFailed
2026-03-20 17:54:13 [TestNG-test-UI Automation Test-4] ERROR com.Ui.listener.TestListner - null
2026-03-20 17:54:13 [TestNG-test-UI Automation Test-4] INFO  com.Ui.listener.TestListner - Capturing Screenshots for failed tests
2026-03-20 17:54:13 [TestNG-test-UI Automation Test-3] WARN  com.Ui.listener.TestListner - loginExcelTest1Skipped
2026-03-20 17:54:14 [TestNG-test-UI Automation Test-2] INFO  com.Ui.pages.HomePage - Trying to perform signin
2026-03-20 17:54:19 [TestNG-test-UI Automation Test-2] ERROR com.Ui.listener.TestListner - loginExcelTestFailed
2026-03-20 17:54:19 [TestNG-test-UI Automation Test-2] ERROR com.Ui.listener.TestListner - Keys to send should be a not null CharSequence
2026-03-20 17:54:19 [TestNG-test-UI Automation Test-2] INFO  com.Ui.listener.TestListner - Capturing Screenshots for failed tests
2026-03-20 17:54:19 [TestNG-test-UI Automation Test-2] ERROR com.Ui.listener.TestListner - loginExcelTestFailed
2026-03-20 17:54:19 [TestNG-test-UI Automation Test-2] ERROR com.Ui.listener.TestListner - null
2026-03-20 17:54:19 [TestNG-test-UI Automation Test-2] INFO  com.Ui.listener.TestListner - Capturing Screenshots for failed tests
2026-03-20 17:54:23 [TestNG-test-UI Automation Test-3] INFO  com.Ui.pages.HomePage - Visisting the Websitehttps://automationexercise.com/
2026-03-20 17:54:25 [TestNG-test-UI Automation Test-3] INFO  com.Ui.listener.TestListner - loginExcelTest1
2026-03-20 17:54:25 [TestNG-test-UI Automation Test-3] INFO  com.Ui.listener.TestListner - Verifys login test with valid credentials 
2026-03-20 17:54:25 [TestNG-test-UI Automation Test-3] INFO  com.Ui.listener.TestListner - [e2e, sanity]
2026-03-20 17:54:25 [TestNG-test-UI Automation Test-3] INFO  com.Ui.pages.HomePage - Trying to perform signin
2026-03-20 17:54:40 [TestNG-test-UI Automation Test-3] WARN  com.Ui.listener.TestListner - loginExcelTest1Skipped
2026-03-20 17:54:48 [TestNG-test-UI Automation Test-3] INFO  com.Ui.pages.HomePage - Visisting the Websitehttps://automationexercise.com/
2026-03-20 17:54:49 [TestNG-test-UI Automation Test-3] INFO  com.Ui.listener.TestListner - loginExcelTest1
2026-03-20 17:54:49 [TestNG-test-UI Automation Test-3] INFO  com.Ui.listener.TestListner - Verifys login test with valid credentials 
2026-03-20 17:54:49 [TestNG-test-UI Automation Test-3] INFO  com.Ui.listener.TestListner - [e2e, sanity]
2026-03-20 17:54:49 [TestNG-test-UI Automation Test-3] INFO  com.Ui.pages.HomePage - Trying to perform signin
2026-03-20 17:54:59 [TestNG-test-UI Automation Test-3] WARN  com.Ui.listener.TestListner - loginExcelTest1Skipped
2026-03-20 17:55:06 [TestNG-test-UI Automation Test-3] INFO  com.Ui.pages.HomePage - Visisting the Websitehttps://automationexercise.com/
2026-03-20 17:55:08 [TestNG-test-UI Automation Test-3] INFO  com.Ui.listener.TestListner - loginExcelTest1
2026-03-20 17:55:08 [TestNG-test-UI Automation Test-3] INFO  com.Ui.listener.TestListner - Verifys login test with valid credentials 
2026-03-20 17:55:08 [TestNG-test-UI Automation Test-3] INFO  com.Ui.listener.TestListner - [e2e, sanity]
2026-03-20 17:55:08 [TestNG-test-UI Automation Test-3] INFO  com.Ui.pages.HomePage - Trying to perform signin
2026-03-20 17:55:27 [TestNG-test-UI Automation Test-3] ERROR com.Ui.listener.TestListner - loginExcelTest1Failed
2026-03-20 17:55:27 [TestNG-test-UI Automation Test-3] ERROR com.Ui.listener.TestListner - no such element: Unable to locate element: {"method":"xpath","selector":"//b[text()='Enter Account Information']"}
  (Session info: chrome=146.0.7680.80)
For documentation on this error, please visit: https://www.selenium.dev/documentation/webdriver/troubleshooting/errors#nosuchelementexception
Build info: version: '4.40.0', revision: 'b3333f1'
System info: os.name: 'Windows 11', os.arch: 'amd64', os.version: '10.0', java.version: '22.0.1'
Driver info: org.openqa.selenium.chrome.ChromeDriver
Command: [ab10fe3fde4c455a977a0bded204a990, findElement {value=//b[text()='Enter Account Information'], using=xpath}]
Capabilities {acceptInsecureCerts: false, browserName: chrome, browserVersion: 146.0.7680.80, chrome: {chromedriverVersion: 146.0.7680.153 (85fd829a1b2..., userDataDir: C:\Users\armalve\AppData\Lo...}, fedcm:accounts: true, goog:chromeOptions: {debuggerAddress: localhost:63240}, goog:processID: 41260, networkConnectionEnabled: false, pageLoadStrategy: normal, platformName: windows, proxy: Proxy(), se:cdp: ws://localhost:63240/devtoo..., se:cdpVersion: 146.0.7680.80, setWindowRect: true, strictFileInteractability: false, timeouts: {implicit: 0, pageLoad: 300000, script: 30000}, unhandledPromptBehavior: dismiss and notify, webauthn:extension:credBlob: true, webauthn:extension:largeBlob: true, webauthn:extension:minPinLength: true, webauthn:extension:prf: true, webauthn:virtualAuthenticators: true}
Session ID: ab10fe3fde4c455a977a0bded204a990
2026-03-20 17:55:27 [TestNG-test-UI Automation Test-3] INFO  com.Ui.listener.TestListner - Capturing Screenshots for failed tests
2026-03-20 17:55:27 [TestNG-test-UI Automation Test-3] ERROR com.Ui.listener.TestListner - loginExcelTest1Failed
2026-03-20 17:55:27 [TestNG-test-UI Automation Test-3] ERROR com.Ui.listener.TestListner - null
2026-03-20 17:55:27 [TestNG-test-UI Automation Test-3] INFO  com.Ui.listener.TestListner - Capturing Screenshots for failed tests
2026-03-20 18:06:34 [main] INFO  com.Ui.listener.TestListner - Test  Suites Started
2026-03-20 18:06:42 [TestNG-test-UI Automation Test-4] INFO  com.Ui.pages.HomePage - Visisting the Websitehttps://automationexercise.com/
2026-03-20 18:06:42 [TestNG-test-UI Automation Test-1] INFO  com.Ui.pages.HomePage - Visisting the Websitehttps://automationexercise.com/
2026-03-20 18:06:42 [TestNG-test-UI Automation Test-3] INFO  com.Ui.pages.HomePage - Visisting the Websitehttps://automationexercise.com/
2026-03-20 18:06:43 [TestNG-test-UI Automation Test-2] INFO  com.Ui.pages.HomePage - Visisting the Websitehttps://automationexercise.com/
2026-03-20 18:06:44 [TestNG-test-UI Automation Test-4] INFO  com.Ui.listener.TestListner - loginTest
2026-03-20 18:06:44 [TestNG-test-UI Automation Test-4] INFO  com.Ui.listener.TestListner - Verifys login test with valid credentials 
2026-03-20 18:06:44 [TestNG-test-UI Automation Test-4] INFO  com.Ui.listener.TestListner - [e2e, sanity]
2026-03-20 18:06:44 [TestNG-test-UI Automation Test-3] INFO  com.Ui.listener.TestListner - loginExcelTest1
2026-03-20 18:06:44 [TestNG-test-UI Automation Test-3] INFO  com.Ui.listener.TestListner - Verifys login test with valid credentials 
2026-03-20 18:06:44 [TestNG-test-UI Automation Test-3] INFO  com.Ui.listener.TestListner - [e2e, sanity]
2026-03-20 18:06:44 [TestNG-test-UI Automation Test-3] INFO  com.Ui.pages.HomePage - Trying to perform signin
2026-03-20 18:06:44 [TestNG-test-UI Automation Test-1] INFO  com.Ui.listener.TestListner - loginCSVTest
2026-03-20 18:06:44 [TestNG-test-UI Automation Test-1] INFO  com.Ui.listener.TestListner - Verifys login test with valid credentials 
2026-03-20 18:06:44 [TestNG-test-UI Automation Test-1] INFO  com.Ui.listener.TestListner - [e2e, sanity]
2026-03-20 18:06:47 [TestNG-test-UI Automation Test-2] INFO  com.Ui.listener.TestListner - loginExcelTest
2026-03-20 18:06:47 [TestNG-test-UI Automation Test-2] INFO  com.Ui.listener.TestListner - Verifys login test with valid credentials 
2026-03-20 18:06:47 [TestNG-test-UI Automation Test-2] INFO  com.Ui.listener.TestListner - [e2e, sanity]
2026-03-20 18:06:52 [TestNG-test-UI Automation Test-4] INFO  com.Ui.pages.HomePage - Visisting the Websitehttps://automationexercise.com/
2026-03-20 18:06:52 [TestNG-test-UI Automation Test-1] INFO  com.Ui.pages.HomePage - Visisting the Websitehttps://automationexercise.com/
2026-03-20 18:06:53 [TestNG-test-UI Automation Test-3] WARN  com.Ui.listener.TestListner - loginExcelTest1Skipped
2026-03-20 18:06:53 [TestNG-test-UI Automation Test-1] INFO  com.Ui.pages.HomePage - Trying to perform signin
2026-03-20 18:06:54 [TestNG-test-UI Automation Test-4] INFO  com.Ui.pages.HomePage - Trying to perform signin
2026-03-20 18:06:55 [TestNG-test-UI Automation Test-2] INFO  com.Ui.pages.HomePage - Visisting the Websitehttps://automationexercise.com/
2026-03-20 18:06:58 [TestNG-test-UI Automation Test-1] ERROR com.Ui.listener.TestListner - loginCSVTestFailed
2026-03-20 18:06:58 [TestNG-test-UI Automation Test-1] ERROR com.Ui.listener.TestListner - Keys to send should be a not null CharSequence
2026-03-20 18:06:58 [TestNG-test-UI Automation Test-1] INFO  com.Ui.listener.TestListner - Capturing Screenshots for failed tests
2026-03-20 18:06:58 [TestNG-test-UI Automation Test-1] ERROR com.Ui.listener.TestListner - loginCSVTestFailed
2026-03-20 18:06:58 [TestNG-test-UI Automation Test-1] ERROR com.Ui.listener.TestListner - null
2026-03-20 18:06:58 [TestNG-test-UI Automation Test-1] INFO  com.Ui.listener.TestListner - Capturing Screenshots for failed tests
2026-03-20 18:06:58 [TestNG-test-UI Automation Test-2] INFO  com.Ui.pages.HomePage - Trying to perform signin
2026-03-20 18:06:59 [TestNG-test-UI Automation Test-2] ERROR com.Ui.listener.TestListner - loginExcelTestFailed
2026-03-20 18:06:59 [TestNG-test-UI Automation Test-2] ERROR com.Ui.listener.TestListner - Keys to send should be a not null CharSequence
2026-03-20 18:06:59 [TestNG-test-UI Automation Test-2] INFO  com.Ui.listener.TestListner - Capturing Screenshots for failed tests
2026-03-20 18:07:00 [TestNG-test-UI Automation Test-2] ERROR com.Ui.listener.TestListner - loginExcelTestFailed
2026-03-20 18:07:00 [TestNG-test-UI Automation Test-2] ERROR com.Ui.listener.TestListner - null
2026-03-20 18:07:00 [TestNG-test-UI Automation Test-2] INFO  com.Ui.listener.TestListner - Capturing Screenshots for failed tests
2026-03-20 18:07:01 [TestNG-test-UI Automation Test-3] INFO  com.Ui.pages.HomePage - Visisting the Websitehttps://automationexercise.com/
2026-03-20 18:07:01 [TestNG-test-UI Automation Test-4] ERROR com.Ui.listener.TestListner - loginTestFailed
2026-03-20 18:07:01 [TestNG-test-UI Automation Test-4] ERROR com.Ui.listener.TestListner - no such element: Unable to locate element: {"method":"xpath","selector":"//b[text()='Enter Account Information']"}
  (Session info: chrome=146.0.7680.80)
For documentation on this error, please visit: https://www.selenium.dev/documentation/webdriver/troubleshooting/errors#nosuchelementexception
Build info: version: '4.40.0', revision: 'b3333f1'
System info: os.name: 'Windows 11', os.arch: 'amd64', os.version: '10.0', java.version: '22.0.1'
Driver info: org.openqa.selenium.chrome.ChromeDriver
Command: [0ef11877644239df02844677d546b1b8, findElement {value=//b[text()='Enter Account Information'], using=xpath}]
Capabilities {acceptInsecureCerts: false, browserName: chrome, browserVersion: 146.0.7680.80, chrome: {chromedriverVersion: 146.0.7680.153 (85fd829a1b2..., userDataDir: C:\Users\armalve\AppData\Lo...}, fedcm:accounts: true, goog:chromeOptions: {debuggerAddress: localhost:63590}, goog:processID: 36364, networkConnectionEnabled: false, pageLoadStrategy: normal, platformName: windows, proxy: Proxy(), se:cdp: ws://localhost:63590/devtoo..., se:cdpVersion: 146.0.7680.80, setWindowRect: true, strictFileInteractability: false, timeouts: {implicit: 0, pageLoad: 300000, script: 30000}, unhandledPromptBehavior: dismiss and notify, webauthn:extension:credBlob: true, webauthn:extension:largeBlob: true, webauthn:extension:minPinLength: true, webauthn:extension:prf: true, webauthn:virtualAuthenticators: true}
Session ID: 0ef11877644239df02844677d546b1b8
2026-03-20 18:07:01 [TestNG-test-UI Automation Test-4] INFO  com.Ui.listener.TestListner - Capturing Screenshots for failed tests
2026-03-20 18:07:01 [TestNG-test-UI Automation Test-4] ERROR com.Ui.listener.TestListner - loginTestFailed
2026-03-20 18:07:01 [TestNG-test-UI Automation Test-4] ERROR com.Ui.listener.TestListner - null
2026-03-20 18:07:01 [TestNG-test-UI Automation Test-4] INFO  com.Ui.listener.TestListner - Capturing Screenshots for failed tests
2026-03-20 18:07:04 [TestNG-test-UI Automation Test-3] INFO  com.Ui.listener.TestListner - loginExcelTest1
2026-03-20 18:07:04 [TestNG-test-UI Automation Test-3] INFO  com.Ui.listener.TestListner - Verifys login test with valid credentials 
2026-03-20 18:07:04 [TestNG-test-UI Automation Test-3] INFO  com.Ui.listener.TestListner - [e2e, sanity]
2026-03-20 18:07:04 [TestNG-test-UI Automation Test-3] INFO  com.Ui.pages.HomePage - Trying to perform signin
2026-03-20 18:07:09 [TestNG-test-UI Automation Test-3] WARN  com.Ui.listener.TestListner - loginExcelTest1Skipped
2026-03-20 18:07:18 [TestNG-test-UI Automation Test-3] INFO  com.Ui.pages.HomePage - Visisting the Websitehttps://automationexercise.com/
2026-03-20 18:07:19 [TestNG-test-UI Automation Test-3] INFO  com.Ui.listener.TestListner - loginExcelTest1
2026-03-20 18:07:19 [TestNG-test-UI Automation Test-3] INFO  com.Ui.listener.TestListner - Verifys login test with valid credentials 
2026-03-20 18:07:19 [TestNG-test-UI Automation Test-3] INFO  com.Ui.listener.TestListner - [e2e, sanity]
2026-03-20 18:07:19 [TestNG-test-UI Automation Test-3] INFO  com.Ui.pages.HomePage - Trying to perform signin
2026-03-20 18:07:29 [TestNG-test-UI Automation Test-3] WARN  com.Ui.listener.TestListner - loginExcelTest1Skipped
2026-03-20 18:07:35 [TestNG-test-UI Automation Test-3] INFO  com.Ui.pages.HomePage - Visisting the Websitehttps://automationexercise.com/
2026-03-20 18:07:50 [TestNG-test-UI Automation Test-3] INFO  com.Ui.listener.TestListner - loginExcelTest1
2026-03-20 18:07:50 [TestNG-test-UI Automation Test-3] INFO  com.Ui.listener.TestListner - Verifys login test with valid credentials 
2026-03-20 18:07:50 [TestNG-test-UI Automation Test-3] INFO  com.Ui.listener.TestListner - [e2e, sanity]
2026-03-20 18:07:50 [TestNG-test-UI Automation Test-3] INFO  com.Ui.pages.HomePage - Trying to perform signin
2026-03-20 18:07:54 [TestNG-test-UI Automation Test-3] ERROR com.Ui.listener.TestListner - loginExcelTest1Failed
2026-03-20 18:07:54 [TestNG-test-UI Automation Test-3] ERROR com.Ui.listener.TestListner - no such element: Unable to locate element: {"method":"xpath","selector":"//b[text()='Enter Account Information']"}
  (Session info: chrome=146.0.7680.80)
For documentation on this error, please visit: https://www.selenium.dev/documentation/webdriver/troubleshooting/errors#nosuchelementexception
Build info: version: '4.40.0', revision: 'b3333f1'
System info: os.name: 'Windows 11', os.arch: 'amd64', os.version: '10.0', java.version: '22.0.1'
Driver info: org.openqa.selenium.chrome.ChromeDriver
Command: [632370d521f03b1b036ff64f5a442d11, findElement {value=//b[text()='Enter Account Information'], using=xpath}]
Capabilities {acceptInsecureCerts: false, browserName: chrome, browserVersion: 146.0.7680.80, chrome: {chromedriverVersion: 146.0.7680.153 (85fd829a1b2..., userDataDir: C:\Users\armalve\AppData\Lo...}, fedcm:accounts: true, goog:chromeOptions: {debuggerAddress: localhost:56775}, goog:processID: 2524, networkConnectionEnabled: false, pageLoadStrategy: normal, platformName: windows, proxy: Proxy(), se:cdp: ws://localhost:56775/devtoo..., se:cdpVersion: 146.0.7680.80, setWindowRect: true, strictFileInteractability: false, timeouts: {implicit: 0, pageLoad: 300000, script: 30000}, unhandledPromptBehavior: dismiss and notify, webauthn:extension:credBlob: true, webauthn:extension:largeBlob: true, webauthn:extension:minPinLength: true, webauthn:extension:prf: true, webauthn:virtualAuthenticators: true}
Session ID: 632370d521f03b1b036ff64f5a442d11
2026-03-20 18:07:54 [TestNG-test-UI Automation Test-3] INFO  com.Ui.listener.TestListner - Capturing Screenshots for failed tests
2026-03-20 18:07:54 [TestNG-test-UI Automation Test-3] ERROR com.Ui.listener.TestListner - loginExcelTest1Failed
2026-03-20 18:07:54 [TestNG-test-UI Automation Test-3] ERROR com.Ui.listener.TestListner - null
2026-03-20 18:07:54 [TestNG-test-UI Automation Test-3] INFO  com.Ui.listener.TestListner - Capturing Screenshots for failed tests
2026-03-21 08:37:23 [main] INFO  com.Ui.listener.TestListner - Test  Suites Started
2026-03-21 08:37:33 [main] INFO  com.Ui.pages.HomePage - Visisting the Websitehttps://automationexercise.com/
2026-03-21 08:37:37 [main] INFO  com.Ui.listener.TestListner - loginCSVTest
2026-03-21 08:37:37 [main] INFO  com.Ui.listener.TestListner - Verifys login test with valid credentials 
2026-03-21 08:37:37 [main] INFO  com.Ui.listener.TestListner - [e2e, sanity]
2026-03-21 08:37:37 [main] ERROR com.Ui.listener.TestListner - loginCSVTestFailed
2026-03-21 08:37:37 [main] ERROR com.Ui.listener.TestListner - Unresolved compilation problem: 
	The constructor HomePage(Browser) is undefined

2026-03-21 08:37:37 [main] INFO  com.Ui.listener.TestListner - Capturing Screenshots for failed tests
2026-03-21 08:37:38 [main] ERROR com.Ui.listener.TestListner - loginCSVTestFailed
2026-03-21 08:37:38 [main] ERROR com.Ui.listener.TestListner - null
2026-03-21 08:37:38 [main] INFO  com.Ui.listener.TestListner - Capturing Screenshots for failed tests
2026-03-21 08:37:38 [main] INFO  com.Ui.listener.TestListner - Test  Suites Completed
2026-03-21 10:04:36 [main] INFO  com.Ui.listener.TestListner - Test  Suites Started
2026-03-21 10:04:40 [main] INFO  com.Ui.pages.HomePage - Visisting the Websitehttps://automationexercise.com/
2026-03-21 10:04:43 [main] INFO  com.Ui.listener.TestListner - loginCSVTest
2026-03-21 10:04:43 [main] INFO  com.Ui.listener.TestListner - Verifys login test with valid credentials 
2026-03-21 10:04:43 [main] INFO  com.Ui.listener.TestListner - [e2e, sanity]
2026-03-21 10:04:43 [main] ERROR com.Ui.listener.TestListner - loginCSVTestFailed
2026-03-21 10:04:43 [main] ERROR com.Ui.listener.TestListner - Unresolved compilation problem: 
	The constructor HomePage(Browser) is undefined

2026-03-21 10:04:43 [main] INFO  com.Ui.listener.TestListner - Capturing Screenshots for failed tests
2026-03-21 10:04:43 [main] ERROR com.Ui.listener.TestListner - loginCSVTestFailed
2026-03-21 10:04:43 [main] ERROR com.Ui.listener.TestListner - null
2026-03-21 10:04:43 [main] INFO  com.Ui.listener.TestListner - Capturing Screenshots for failed tests
2026-03-21 10:04:43 [main] INFO  com.Ui.listener.TestListner - Test  Suites Completed
2026-03-21 10:05:45 [main] INFO  com.Ui.listener.TestListner - Test  Suites Started
2026-03-21 10:05:47 [main] INFO  com.Ui.pages.HomePage - Visisting the Websitehttps://automationexercise.com/
2026-03-21 10:05:50 [main] INFO  com.Ui.listener.TestListner - loginCSVTest
2026-03-21 10:05:50 [main] INFO  com.Ui.listener.TestListner - Verifys login test with valid credentials 
2026-03-21 10:05:50 [main] INFO  com.Ui.listener.TestListner - [e2e, sanity]
2026-03-21 10:05:50 [main] ERROR com.Ui.listener.TestListner - loginCSVTestFailed
2026-03-21 10:05:50 [main] ERROR com.Ui.listener.TestListner - Unresolved compilation problem: 
	The constructor HomePage(Browser) is undefined

2026-03-21 10:05:50 [main] INFO  com.Ui.listener.TestListner - Capturing Screenshots for failed tests
2026-03-21 10:05:50 [main] ERROR com.Ui.listener.TestListner - loginCSVTestFailed
2026-03-21 10:05:50 [main] ERROR com.Ui.listener.TestListner - null
2026-03-21 10:05:50 [main] INFO  com.Ui.listener.TestListner - Capturing Screenshots for failed tests
2026-03-21 10:05:51 [main] INFO  com.Ui.listener.TestListner - Test  Suites Completed
2026-03-21 10:07:04 [main] INFO  com.Ui.listener.TestListner - Test  Suites Started
2026-03-21 10:07:07 [main] INFO  com.Ui.pages.HomePage - Visisting the Websitehttps://automationexercise.com/
2026-03-21 10:07:12 [main] INFO  com.Ui.listener.TestListner - loginCSVTest
2026-03-21 10:07:12 [main] INFO  com.Ui.listener.TestListner - Verifys login test with valid credentials 
2026-03-21 10:07:12 [main] INFO  com.Ui.listener.TestListner - [e2e, sanity]
2026-03-21 10:07:12 [main] ERROR com.Ui.listener.TestListner - loginCSVTestFailed
2026-03-21 10:07:12 [main] ERROR com.Ui.listener.TestListner - Unresolved compilation problem: 
	The constructor HomePage(Browser) is undefined

2026-03-21 10:07:12 [main] INFO  com.Ui.listener.TestListner - Capturing Screenshots for failed tests
2026-03-21 10:07:12 [main] ERROR com.Ui.listener.TestListner - loginCSVTestFailed
2026-03-21 10:07:12 [main] ERROR com.Ui.listener.TestListner - null
2026-03-21 10:07:12 [main] INFO  com.Ui.listener.TestListner - Capturing Screenshots for failed tests
2026-03-21 10:07:12 [main] INFO  com.Ui.listener.TestListner - Test  Suites Completed
